../Core/Src/hx711.c:4:6:hx711_init	48	static
../Core/Src/hx711.c:26:6:set_scale	0	static
../Core/Src/hx711.c:34:6:set_gain	0	static
../Core/Src/hx711.c:48:6:set_offset	0	static
../Core/Src/hx711.c:54:9:shiftIn	24	static
../Core/Src/hx711.c:76:6:is_ready	8	static
../Core/Src/hx711.c:86:6:wait_ready	8	static
../Core/Src/hx711.c:94:9:read	24	static,ignoring_inline_asm
../Core/Src/hx711.c:134:9:read_average	24	static
../Core/Src/hx711.c:144:9:get_value	8	static
../Core/Src/hx711.c:152:9:tare	16	static
../Core/Src/hx711.c:160:6:tare_all	16	static
../Core/Src/hx711.c:166:7:get_weight	32	static
